[browser] The width(-1) and height(-1) of chart should be greater than 0,
       please check the style of container, or the props width(100%) and height(100%),
       or add a minWidth(280) or minHeight(320) or use aspect(undefined) to control the
       height and width. (file://C:/Users/geren/Repo GIt/Strax Landing/strax-landing/.next/dev/static/chunks/node_modules_next_dist_115brz8._.js:2431:13)
[browser] The width(-1) and height(-1) of chart should be greater than 0,
       please check the style of container, or the props width(100%) and height(100%),
       or add a minWidth(280) or minHeight(320) or use aspect(undefined) to control the
       height and width. (file://C:/Users/geren/Repo GIt/Strax Landing/strax-landing/.next/dev/static/chunks/node_modules_next_dist_115brz8._.js:2431:13)
[browser] Image with src "/logos/logo-strax-dark.png" has either width or height modified, but not the other. If you use CSS to change the size of your image, also include the styles 'width: "auto"' or 'height: "auto"' to maintain the aspect ratio. (file://C:/Users/geren/Repo GIt/Strax Landing/strax-landing/.next/dev/static/chunks/node_modules_next_dist_115brz8._.js:2431:13)
[browser] Detected `scroll-behavior: smooth` on the `<html>` element. To disable smooth scrolling during route transitions, add `data-scroll-behavior="smooth"` to your <html> element. Learn more: https://nextjs.org/docs/messages/missing-data-scroll-behavior (file://C:/Users/geren/Repo GIt/Strax Landing/strax-landing/.next/dev/static/chunks/node_modules_next_dist_115brz8._.js:2431:13)
⨯ Error: Event handlers cannot be passed to Client Component props.
  <button className=... onClick={function onClick} children=...>
                                ^^^^^^^^^^^^^^^^^^
If you need interactivity, consider converting part of this to a Client Component.
    at stringify (<anonymous>) {
  digest: '710381637'
}
[browser] Uncaught Error: Event handlers cannot be passed to Client Component props.
  <button className=... onClick={function onClick} children=...>
                                ^^^^^^^^^^^^^^^^^^
If you need interactivity, consider converting part of this to a Client Component.
    at stringify (<anonymous>:1:18)
    at resolveErrorDev (file://C:/Users/geren/Repo GIt/Strax Landing/strax-landing/.next/dev/static/chunks/node_modules_next_dist_compiled_react-server-dom-turbopack_0p3wegg._.js:1919:105)
    at processFullStringRow (file://C:/Users/geren/Repo GIt/Strax Landing/strax-landing/.next/dev/static/chunks/node_modules_next_dist_compiled_react-server-dom-turbopack_0p3wegg._.js:2434:29)
    at processFullBinaryRow (file://C:/Users/geren/Repo GIt/Strax Landing/strax-landing/.next/dev/static/chunks/node_modules_next_dist_compiled_react-server-dom-turbopack_0p3wegg._.js:2393:9)
    at processBinaryChunk (file://C:/Users/geren/Repo GIt/Strax Landing/strax-landing/.next/dev/static/chunks/node_modules_next_dist_compiled_react-server-dom-turbopack_0p3wegg._.js:2502:221)
    at progress (file://C:/Users/geren/Repo GIt/Strax Landing/strax-landing/.next/dev/static/chunks/node_modules_next_dist_compiled_react-server-dom-turbopack_0p3wegg._.js:2689:13)
⨯ Error: Event handlers cannot be passed to Client Component props.
  <button className=... onClick={function onClick} children=...>
                                ^^^^^^^^^^^^^^^^^^
If you need interactivity, consider converting part of this to a Client Component.
    at stringify (<anonymous>) {
  digest: '2182774378'
}
[browser] Uncaught Error: Event handlers cannot be passed to Client Component props.
  <button className=... onClick={function onClick} children=...>
                                ^^^^^^^^^^^^^^^^^^
If you need interactivity, consider converting part of this to a Client Component.
    at stringify (<anonymous>:1:18)
    at resolveErrorDev (file://C:/Users/geren/Repo GIt/Strax Landing/strax-landing/.next/dev/static/chunks/node_modules_next_dist_compiled_react-server-dom-turbopack_0p3wegg._.js:1919:105)
    at processFullStringRow (file://C:/Users/geren/Repo GIt/Strax Landing/strax-landing/.next/dev/static/chunks/node_modules_next_dist_compiled_react-server-dom-turbopack_0p3wegg._.js:2434:29)
    at processFullBinaryRow (file://C:/Users/geren/Repo GIt/Strax Landing/strax-landing/.next/dev/static/chunks/node_modules_next_dist_compiled_react-server-dom-turbopack_0p3wegg._.js:2393:9)
    at processBinaryChunk (file://C:/Users/geren/Repo GIt/Strax Landing/strax-landing/.next/dev/static/chunks/node_modules_next_dist_compiled_react-server-dom-turbopack_0p3wegg._.js:2502:221)
    at progress (file://C:/Users/geren/Repo GIt/Strax Landing/strax-landing/.next/dev/static/chunks/node_modules_next_dist_compiled_react-server-dom-turbopack_0p3wegg._.js:2689:13)
[browser] Uncaught Error: Internal Next.js error: Router action dispatched before initialization.
    at dispatchAppRouterAction (file://C:/Users/geren/Repo GIt/Strax Landing/strax-landing/.next/dev/static/chunks/node_modules_next_dist_client_0fhqo1d._.js:916:37)
    at <unknown> (file://C:/Users/geren/Repo GIt/Strax Landing/strax-landing/.next/dev/static/chunks/node_modules_next_dist_client_0fhqo1d._.js:11800:61)
    at startTransition (file://C:/Users/geren/Repo GIt/Strax Landing/strax-landing/.next/dev/static/chunks/node_modules_next_dist_compiled_0rpq4pf._.js:1279:31)
    at Object.hmrRefresh (file://C:/Users/geren/Repo GIt/Strax Landing/strax-landing/.next/dev/static/chunks/node_modules_next_dist_client_0fhqo1d._.js:11799:40)
    at processMessage (file://C:/Users/geren/Repo GIt/Strax Landing/strax-landing/.next/dev/static/chunks/node_modules_next_dist_client_0fhqo1d._.js:13990:67)
    at WebSocket.handleMessage (file://C:/Users/geren/Repo GIt/Strax Landing/strax-landing/.next/dev/static/chunks/node_modules_next_dist_client_0fhqo1d._.js:13335:52)
[browser] Uncaught Error: Internal Next.js error: Router action dispatched before initialization.
    at dispatchAppRouterAction (file://C:/Users/geren/Repo GIt/Strax Landing/strax-landing/.next/dev/static/chunks/node_modules_next_dist_client_0fhqo1d._.js:916:37)
    at <unknown> (file://C:/Users/geren/Repo GIt/Strax Landing/strax-landing/.next/dev/static/chunks/node_modules_next_dist_client_0fhqo1d._.js:11800:61)
    at startTransition (file://C:/Users/geren/Repo GIt/Strax Landing/strax-landing/.next/dev/static/chunks/node_modules_next_dist_compiled_0rpq4pf._.js:1279:31)
    at Object.hmrRefresh (file://C:/Users/geren/Repo GIt/Strax Landing/strax-landing/.next/dev/static/chunks/node_modules_next_dist_client_0fhqo1d._.js:11799:40)
    at processMessage (file://C:/Users/geren/Repo GIt/Strax Landing/strax-landing/.next/dev/static/chunks/node_modules_next_dist_client_0fhqo1d._.js:13990:67)
    at WebSocket.handleMessage (file://C:/Users/geren/Repo GIt/Strax Landing/strax-landing/.next/dev/static/chunks/node_modules_next_dist_client_0fhqo1d._.js:13335:52)
[browser] Uncaught Error: Internal Next.js error: Router action dispatched before initialization.
    at dispatchAppRouterAction (file://C:/Users/geren/Repo GIt/Strax Landing/strax-landing/.next/dev/static/chunks/node_modules_next_dist_client_0fhqo1d._.js:916:37)
    at <unknown> (file://C:/Users/geren/Repo GIt/Strax Landing/strax-landing/.next/dev/static/chunks/node_modules_next_dist_client_0fhqo1d._.js:11800:61)
    at startTransition (file://C:/Users/geren/Repo GIt/Strax Landing/strax-landing/.next/dev/static/chunks/node_modules_next_dist_compiled_0rpq4pf._.js:1279:31)
    at Object.hmrRefresh (file://C:/Users/geren/Repo GIt/Strax Landing/strax-landing/.next/dev/static/chunks/node_modules_next_dist_client_0fhqo1d._.js:11799:40)
    at processMessage (file://C:/Users/geren/Repo GIt/Strax Landing/strax-landing/.next/dev/static/chunks/node_modules_next_dist_client_0fhqo1d._.js:13990:67)
    at WebSocket.handleMessage (file://C:/Users/geren/Repo GIt/Strax Landing/strax-landing/.next/dev/static/chunks/node_modules_next_dist_client_0fhqo1d._.js:13335:52)
[browser] Uncaught Error: Internal Next.js error: Router action dispatched before initialization.
    at dispatchAppRouterAction (file://C:/Users/geren/Repo GIt/Strax Landing/strax-landing/.next/dev/static/chunks/node_modules_next_dist_client_0fhqo1d._.js:916:37)
    at <unknown> (file://C:/Users/geren/Repo GIt/Strax Landing/strax-landing/.next/dev/static/chunks/node_modules_next_dist_client_0fhqo1d._.js:11800:61)
    at startTransition (file://C:/Users/geren/Repo GIt/Strax Landing/strax-landing/.next/dev/static/chunks/node_modules_next_dist_compiled_0rpq4pf._.js:1279:31)
    at Object.hmrRefresh (file://C:/Users/geren/Repo GIt/Strax Landing/strax-landing/.next/dev/static/chunks/node_modules_next_dist_client_0fhqo1d._.js:11799:40)
    at processMessage (file://C:/Users/geren/Repo GIt/Strax Landing/strax-landing/.next/dev/static/chunks/node_modules_next_dist_client_0fhqo1d._.js:13990:67)
    at WebSocket.handleMessage (file://C:/Users/geren/Repo GIt/Strax Landing/strax-landing/.next/dev/static/chunks/node_modules_next_dist_client_0fhqo1d._.js:13335:52)
[browser] Uncaught Error: Internal Next.js error: Router action dispatched before initialization.
    at dispatchAppRouterAction (file://C:/Users/geren/Repo GIt/Strax Landing/strax-landing/.next/dev/static/chunks/node_modules_next_dist_client_0fhqo1d._.js:916:37)
    at <unknown> (file://C:/Users/geren/Repo GIt/Strax Landing/strax-landing/.next/dev/static/chunks/node_modules_next_dist_client_0fhqo1d._.js:11800:61)
    at startTransition (file://C:/Users/geren/Repo GIt/Strax Landing/strax-landing/.next/dev/static/chunks/node_modules_next_dist_compiled_0rpq4pf._.js:1279:31)
    at Object.hmrRefresh (file://C:/Users/geren/Repo GIt/Strax Landing/strax-landing/.next/dev/static/chunks/node_modules_next_dist_client_0fhqo1d._.js:11799:40)
    at processMessage (file://C:/Users/geren/Repo GIt/Strax Landing/strax-landing/.next/dev/static/chunks/node_modules_next_dist_client_0fhqo1d._.js:13990:67)
    at WebSocket.handleMessage (file://C:/Users/geren/Repo GIt/Strax Landing/strax-landing/.next/dev/static/chunks/node_modules_next_dist_client_0fhqo1d._.js:13335:52)
[browser] Uncaught Error: Internal Next.js error: Router action dispatched before initialization.
    at dispatchAppRouterAction (file://C:/Users/geren/Repo GIt/Strax Landing/strax-landing/.next/dev/static/chunks/node_modules_next_dist_client_0fhqo1d._.js:916:37)
    at <unknown> (file://C:/Users/geren/Repo GIt/Strax Landing/strax-landing/.next/dev/static/chunks/node_modules_next_dist_client_0fhqo1d._.js:11800:61)
    at startTransition (file://C:/Users/geren/Repo GIt/Strax Landing/strax-landing/.next/dev/static/chunks/node_modules_next_dist_compiled_0rpq4pf._.js:1279:31)
    at Object.hmrRefresh (file://C:/Users/geren/Repo GIt/Strax Landing/strax-landing/.next/dev/static/chunks/node_modules_next_dist_client_0fhqo1d._.js:11799:40)
    at processMessage (file://C:/Users/geren/Repo GIt/Strax Landing/strax-landing/.next/dev/static/chunks/node_modules_next_dist_client_0fhqo1d._.js:13990:67)
    at WebSocket.handleMessage (file://C:/Users/geren/Repo GIt/Strax Landing/strax-landing/.next/dev/static/chunks/node_modules_next_dist_client_0fhqo1d._.js:13335:52)
[browser] Uncaught Error: Internal Next.js error: Router action dispatched before initialization.
    at dispatchAppRouterAction (file://C:/Users/geren/Repo GIt/Strax Landing/strax-landing/.next/dev/static/chunks/node_modules_next_dist_client_0fhqo1d._.js:916:37)
    at <unknown> (file://C:/Users/geren/Repo GIt/Strax Landing/strax-landing/.next/dev/static/chunks/node_modules_next_dist_client_0fhqo1d._.js:11800:61)
    at startTransition (file://C:/Users/geren/Repo GIt/Strax Landing/strax-landing/.next/dev/static/chunks/node_modules_next_dist_compiled_0rpq4pf._.js:1279:31)
    at Object.hmrRefresh (file://C:/Users/geren/Repo GIt/Strax Landing/strax-landing/.next/dev/static/chunks/node_modules_next_dist_client_0fhqo1d._.js:11799:40)
    at processMessage (file://C:/Users/geren/Repo GIt/Strax Landing/strax-landing/.next/dev/static/chunks/node_modules_next_dist_client_0fhqo1d._.js:13990:67)
    at WebSocket.handleMessage (file://C:/Users/geren/Repo GIt/Strax Landing/strax-landing/.next/dev/static/chunks/node_modules_next_dist_client_0fhqo1d._.js:13335:52)
[browser] Uncaught Error: Internal Next.js error: Router action dispatched before initialization.
    at dispatchAppRouterAction (file://C:/Users/geren/Repo GIt/Strax Landing/strax-landing/.next/dev/static/chunks/node_modules_next_dist_client_0fhqo1d._.js:916:37)
    at <unknown> (file://C:/Users/geren/Repo GIt/Strax Landing/strax-landing/.next/dev/static/chunks/node_modules_next_dist_client_0fhqo1d._.js:11800:61)
    at startTransition (file://C:/Users/geren/Repo GIt/Strax Landing/strax-landing/.next/dev/static/chunks/node_modules_next_dist_compiled_0rpq4pf._.js:1279:31)
    at Object.hmrRefresh (file://C:/Users/geren/Repo GIt/Strax Landing/strax-landing/.next/dev/static/chunks/node_modules_next_dist_client_0fhqo1d._.js:11799:40)
    at processMessage (file://C:/Users/geren/Repo GIt/Strax Landing/strax-landing/.next/dev/static/chunks/node_modules_next_dist_client_0fhqo1d._.js:13990:67)
    at WebSocket.handleMessage (file://C:/Users/geren/Repo GIt/Strax Landing/strax-landing/.next/dev/static/chunks/node_modules_next_dist_client_0fhqo1d._.js:13335:52)
[browser] Uncaught Error: Internal Next.js error: Router action dispatched before initialization.
    at dispatchAppRouterAction (file://C:/Users/geren/Repo GIt/Strax Landing/strax-landing/.next/dev/static/chunks/node_modules_next_dist_client_0fhqo1d._.js:916:37)
    at <unknown> (file://C:/Users/geren/Repo GIt/Strax Landing/strax-landing/.next/dev/static/chunks/node_modules_next_dist_client_0fhqo1d._.js:11800:61)
    at startTransition (file://C:/Users/geren/Repo GIt/Strax Landing/strax-landing/.next/dev/static/chunks/node_modules_next_dist_compiled_0rpq4pf._.js:1279:31)
    at Object.hmrRefresh (file://C:/Users/geren/Repo GIt/Strax Landing/strax-landing/.next/dev/static/chunks/node_modules_next_dist_client_0fhqo1d._.js:11799:40)
    at processMessage (file://C:/Users/geren/Repo GIt/Strax Landing/strax-landing/.next/dev/static/chunks/node_modules_next_dist_client_0fhqo1d._.js:13990:67)
    at WebSocket.handleMessage (file://C:/Users/geren/Repo GIt/Strax Landing/strax-landing/.next/dev/static/chunks/node_modules_next_dist_client_0fhqo1d._.js:13335:52)
[browser] Uncaught Error: Internal Next.js error: Router action dispatched before initialization.
    at dispatchAppRouterAction (file://C:/Users/geren/Repo GIt/Strax Landing/strax-landing/.next/dev/static/chunks/node_modules_next_dist_client_0fhqo1d._.js:916:37)
    at <unknown> (file://C:/Users/geren/Repo GIt/Strax Landing/strax-landing/.next/dev/static/chunks/node_modules_next_dist_client_0fhqo1d._.js:11800:61)
    at startTransition (file://C:/Users/geren/Repo GIt/Strax Landing/strax-landing/.next/dev/static/chunks/node_modules_next_dist_compiled_0rpq4pf._.js:1279:31)
    at Object.hmrRefresh (file://C:/Users/geren/Repo GIt/Strax Landing/strax-landing/.next/dev/static/chunks/node_modules_next_dist_client_0fhqo1d._.js:11799:40)
    at processMessage (file://C:/Users/geren/Repo GIt/Strax Landing/strax-landing/.next/dev/static/chunks/node_modules_next_dist_client_0fhqo1d._.js:13990:67)
    at WebSocket.handleMessage (file://C:/Users/geren/Repo GIt/Strax Landing/strax-landing/.next/dev/static/chunks/node_modules_next_dist_client_0fhqo1d._.js:13335:52)
[browser] Uncaught Error: Internal Next.js error: Router action dispatched before initialization.
    at dispatchAppRouterAction (file://C:/Users/geren/Repo GIt/Strax Landing/strax-landing/.next/dev/static/chunks/node_modules_next_dist_client_0fhqo1d._.js:916:37)
    at <unknown> (file://C:/Users/geren/Repo GIt/Strax Landing/strax-landing/.next/dev/static/chunks/node_modules_next_dist_client_0fhqo1d._.js:11800:61)
    at startTransition (file://C:/Users/geren/Repo GIt/Strax Landing/strax-landing/.next/dev/static/chunks/node_modules_next_dist_compiled_0rpq4pf._.js:1279:31)
    at Object.hmrRefresh (file://C:/Users/geren/Repo GIt/Strax Landing/strax-landing/.next/dev/static/chunks/node_modules_next_dist_client_0fhqo1d._.js:11799:40)
    at processMessage (file://C:/Users/geren/Repo GIt/Strax Landing/strax-landing/.next/dev/static/chunks/node_modules_next_dist_client_0fhqo1d._.js:13990:67)
    at WebSocket.handleMessage (file://C:/Users/geren/Repo GIt/Strax Landing/strax-landing/.next/dev/static/chunks/node_modules_next_dist_client_0fhqo1d._.js:13335:52)
[browser] Uncaught Error: Internal Next.js error: Router action dispatched before initialization.
    at dispatchAppRouterAction (file://C:/Users/geren/Repo GIt/Strax Landing/strax-landing/.next/dev/static/chunks/node_modules_next_dist_client_0fhqo1d._.js:916:37)
    at <unknown> (file://C:/Users/geren/Repo GIt/Strax Landing/strax-landing/.next/dev/static/chunks/node_modules_next_dist_client_0fhqo1d._.js:11800:61)
    at startTransition (file://C:/Users/geren/Repo GIt/Strax Landing/strax-landing/.next/dev/static/chunks/node_modules_next_dist_compiled_0rpq4pf._.js:1279:31)
    at Object.hmrRefresh (file://C:/Users/geren/Repo GIt/Strax Landing/strax-landing/.next/dev/static/chunks/node_modules_next_dist_client_0fhqo1d._.js:11799:40)
    at processMessage (file://C:/Users/geren/Repo GIt/Strax Landing/strax-landing/.next/dev/static/chunks/node_modules_next_dist_client_0fhqo1d._.js:13990:67)
    at WebSocket.handleMessage (file://C:/Users/geren/Repo GIt/Strax Landing/strax-landing/.next/dev/static/chunks/node_modules_next_dist_client_0fhqo1d._.js:13335:52)
[browser] Uncaught Error: Internal Next.js error: Router action dispatched before initialization.
    at dispatchAppRouterAction (file://C:/Users/geren/Repo GIt/Strax Landing/strax-landing/.next/dev/static/chunks/node_modules_next_dist_client_0fhqo1d._.js:916:37)
    at <unknown> (file://C:/Users/geren/Repo GIt/Strax Landing/strax-landing/.next/dev/static/chunks/node_modules_next_dist_client_0fhqo1d._.js:11800:61)
    at startTransition (file://C:/Users/geren/Repo GIt/Strax Landing/strax-landing/.next/dev/static/chunks/node_modules_next_dist_compiled_0rpq4pf._.js:1279:31)
    at Object.hmrRefresh (file://C:/Users/geren/Repo GIt/Strax Landing/strax-landing/.next/dev/static/chunks/node_modules_next_dist_client_0fhqo1d._.js:11799:40)
    at processMessage (file://C:/Users/geren/Repo GIt/Strax Landing/strax-landing/.next/dev/static/chunks/node_modules_next_dist_client_0fhqo1d._.js:13990:67)
    at WebSocket.handleMessage (file://C:/Users/geren/Repo GIt/Strax Landing/strax-landing/.next/dev/static/chunks/node_modules_next_dist_client_0fhqo1d._.js:13335:52)
[browser] Uncaught Error: Internal Next.js error: Router action dispatched before initialization.
    at dispatchAppRouterAction (file://C:/Users/geren/Repo GIt/Strax Landing/strax-landing/.next/dev/static/chunks/node_modules_next_dist_client_0fhqo1d._.js:916:37)
    at <unknown> (file://C:/Users/geren/Repo GIt/Strax Landing/strax-landing/.next/dev/static/chunks/node_modules_next_dist_client_0fhqo1d._.js:11800:61)
    at startTransition (file://C:/Users/geren/Repo GIt/Strax Landing/strax-landing/.next/dev/static/chunks/node_modules_next_dist_compiled_0rpq4pf._.js:1279:31)
    at Object.hmrRefresh (file://C:/Users/geren/Repo GIt/Strax Landing/strax-landing/.next/dev/static/chunks/node_modules_next_dist_client_0fhqo1d._.js:11799:40)
    at processMessage (file://C:/Users/geren/Repo GIt/Strax Landing/strax-landing/.next/dev/static/chunks/node_modules_next_dist_client_0fhqo1d._.js:13990:67)
    at WebSocket.handleMessage (file://C:/Users/geren/Repo GIt/Strax Landing/strax-landing/.next/dev/static/chunks/node_modules_next_dist_client_0fhqo1d._.js:13335:52)
[browser] Uncaught Error: Internal Next.js error: Router action dispatched before initialization.
    at dispatchAppRouterAction (file://C:/Users/geren/Repo GIt/Strax Landing/strax-landing/.next/dev/static/chunks/node_modules_next_dist_client_0fhqo1d._.js:916:37)
    at <unknown> (file://C:/Users/geren/Repo GIt/Strax Landing/strax-landing/.next/dev/static/chunks/node_modules_next_dist_client_0fhqo1d._.js:11800:61)
    at startTransition (file://C:/Users/geren/Repo GIt/Strax Landing/strax-landing/.next/dev/static/chunks/node_modules_next_dist_compiled_0rpq4pf._.js:1279:31)
    at Object.hmrRefresh (file://C:/Users/geren/Repo GIt/Strax Landing/strax-landing/.next/dev/static/chunks/node_modules_next_dist_client_0fhqo1d._.js:11799:40)
    at processMessage (file://C:/Users/geren/Repo GIt/Strax Landing/strax-landing/.next/dev/static/chunks/node_modules_next_dist_client_0fhqo1d._.js:13990:67)
    at WebSocket.handleMessage (file://C:/Users/geren/Repo GIt/Strax Landing/strax-landing/.next/dev/static/chunks/node_modules_next_dist_client_0fhqo1d._.js:13335:52)
[browser] Uncaught Error: Internal Next.js error: Router action dispatched before initialization.
    at dispatchAppRouterAction (file://C:/Users/geren/Repo GIt/Strax Landing/strax-landing/.next/dev/static/chunks/node_modules_next_dist_client_0fhqo1d._.js:916:37)
    at <unknown> (file://C:/Users/geren/Repo GIt/Strax Landing/strax-landing/.next/dev/static/chunks/node_modules_next_dist_client_0fhqo1d._.js:11800:61)
    at startTransition (file://C:/Users/geren/Repo GIt/Strax Landing/strax-landing/.next/dev/static/chunks/node_modules_next_dist_compiled_0rpq4pf._.js:1279:31)
    at Object.hmrRefresh (file://C:/Users/geren/Repo GIt/Strax Landing/strax-landing/.next/dev/static/chunks/node_modules_next_dist_client_0fhqo1d._.js:11799:40)
    at processMessage (file://C:/Users/geren/Repo GIt/Strax Landing/strax-landing/.next/dev/static/chunks/node_modules_next_dist_client_0fhqo1d._.js:13990:67)
    at WebSocket.handleMessage (file://C:/Users/geren/Repo GIt/Strax Landing/strax-landing/.next/dev/static/chunks/node_modules_next_dist_client_0fhqo1d._.js:13335:52)
[browser] Uncaught Error: Internal Next.js error: Router action dispatched before initialization.
    at dispatchAppRouterAction (file://C:/Users/geren/Repo GIt/Strax Landing/strax-landing/.next/dev/static/chunks/node_modules_next_dist_client_0fhqo1d._.js:916:37)
    at <unknown> (file://C:/Users/geren/Repo GIt/Strax Landing/strax-landing/.next/dev/static/chunks/node_modules_next_dist_client_0fhqo1d._.js:11800:61)
    at startTransition (file://C:/Users/geren/Repo GIt/Strax Landing/strax-landing/.next/dev/static/chunks/node_modules_next_dist_compiled_0rpq4pf._.js:1279:31)
    at Object.hmrRefresh (file://C:/Users/geren/Repo GIt/Strax Landing/strax-landing/.next/dev/static/chunks/node_modules_next_dist_client_0fhqo1d._.js:11799:40)
    at processMessage (file://C:/Users/geren/Repo GIt/Strax Landing/strax-landing/.next/dev/static/chunks/node_modules_next_dist_client_0fhqo1d._.js:13990:67)
    at WebSocket.handleMessage (file://C:/Users/geren/Repo GIt/Strax Landing/strax-landing/.next/dev/static/chunks/node_modules_next_dist_client_0fhqo1d._.js:13335:52)
[browser] Uncaught Error: Internal Next.js error: Router action dispatched before initialization.
    at dispatchAppRouterAction (file://C:/Users/geren/Repo GIt/Strax Landing/strax-landing/.next/dev/static/chunks/node_modules_next_dist_client_0fhqo1d._.js:916:37)
    at <unknown> (file://C:/Users/geren/Repo GIt/Strax Landing/strax-landing/.next/dev/static/chunks/node_modules_next_dist_client_0fhqo1d._.js:11800:61)
    at startTransition (file://C:/Users/geren/Repo GIt/Strax Landing/strax-landing/.next/dev/static/chunks/node_modules_next_dist_compiled_0rpq4pf._.js:1279:31)
    at Object.hmrRefresh (file://C:/Users/geren/Repo GIt/Strax Landing/strax-landing/.next/dev/static/chunks/node_modules_next_dist_client_0fhqo1d._.js:11799:40)
    at <unknown> (file://C:/Users/geren/Repo GIt/Strax Landing/strax-landing/.next/dev/static/chunks/node_modules_next_dist_client_0fhqo1d._.js:13967:64)
    at startTransition (file://C:/Users/geren/Repo GIt/Strax Landing/strax-landing/.next/dev/static/chunks/node_modules_next_dist_compiled_0rpq4pf._.js:1279:31)
    at processMessage (file://C:/Users/geren/Repo GIt/Strax Landing/strax-landing/.next/dev/static/chunks/node_modules_next_dist_client_0fhqo1d._.js:13966:44)
    at WebSocket.handleMessage (file://C:/Users/geren/Repo GIt/Strax Landing/strax-landing/.next/dev/static/chunks/node_modules_next_dist_client_0fhqo1d._.js:13335:52)
[browser] Uncaught Error: Internal Next.js error: Router action dispatched before initialization.
    at dispatchAppRouterAction (file://C:/Users/geren/Repo GIt/Strax Landing/strax-landing/.next/dev/static/chunks/node_modules_next_dist_client_0fhqo1d._.js:916:37)
    at <unknown> (file://C:/Users/geren/Repo GIt/Strax Landing/strax-landing/.next/dev/static/chunks/node_modules_next_dist_client_0fhqo1d._.js:11800:61)
    at startTransition (file://C:/Users/geren/Repo GIt/Strax Landing/strax-landing/.next/dev/static/chunks/node_modules_next_dist_compiled_0rpq4pf._.js:1279:31)
    at Object.hmrRefresh (file://C:/Users/geren/Repo GIt/Strax Landing/strax-landing/.next/dev/static/chunks/node_modules_next_dist_client_0fhqo1d._.js:11799:40)
    at <unknown> (file://C:/Users/geren/Repo GIt/Strax Landing/strax-landing/.next/dev/static/chunks/node_modules_next_dist_client_0fhqo1d._.js:13967:64)
    at startTransition (file://C:/Users/geren/Repo GIt/Strax Landing/strax-landing/.next/dev/static/chunks/node_modules_next_dist_compiled_0rpq4pf._.js:1279:31)
    at processMessage (file://C:/Users/geren/Repo GIt/Strax Landing/strax-landing/.next/dev/static/chunks/node_modules_next_dist_client_0fhqo1d._.js:13966:44)
    at WebSocket.handleMessage (file://C:/Users/geren/Repo GIt/Strax Landing/strax-landing/.next/dev/static/chunks/node_modules_next_dist_client_0fhqo1d._.js:13335:52)
[browser] Uncaught Error: Internal Next.js error: Router action dispatched before initialization.
    at dispatchAppRouterAction (file://C:/Users/geren/Repo GIt/Strax Landing/strax-landing/.next/dev/static/chunks/node_modules_next_dist_client_0fhqo1d._.js:916:37)
    at <unknown> (file://C:/Users/geren/Repo GIt/Strax Landing/strax-landing/.next/dev/static/chunks/node_modules_next_dist_client_0fhqo1d._.js:11800:61)
    at startTransition (file://C:/Users/geren/Repo GIt/Strax Landing/strax-landing/.next/dev/static/chunks/node_modules_next_dist_compiled_0rpq4pf._.js:1279:31)
    at Object.hmrRefresh (file://C:/Users/geren/Repo GIt/Strax Landing/strax-landing/.next/dev/static/chunks/node_modules_next_dist_client_0fhqo1d._.js:11799:40)
    at <unknown> (file://C:/Users/geren/Repo GIt/Strax Landing/strax-landing/.next/dev/static/chunks/node_modules_next_dist_client_0fhqo1d._.js:13967:64)
    at startTransition (file://C:/Users/geren/Repo GIt/Strax Landing/strax-landing/.next/dev/static/chunks/node_modules_next_dist_compiled_0rpq4pf._.js:1279:31)
    at processMessage (file://C:/Users/geren/Repo GIt/Strax Landing/strax-landing/.next/dev/static/chunks/node_modules_next_dist_client_0fhqo1d._.js:13966:44)
    at WebSocket.handleMessage (file://C:/Users/geren/Repo GIt/Strax Landing/strax-landing/.next/dev/static/chunks/node_modules_next_dist_client_0fhqo1d._.js:13335:52)
[browser] Uncaught Error: Internal Next.js error: Router action dispatched before initialization.
    at dispatchAppRouterAction (file://C:/Users/geren/Repo GIt/Strax Landing/strax-landing/.next/dev/static/chunks/node_modules_next_dist_client_0fhqo1d._.js:916:37)
    at <unknown> (file://C:/Users/geren/Repo GIt/Strax Landing/strax-landing/.next/dev/static/chunks/node_modules_next_dist_client_0fhqo1d._.js:11800:61)
    at startTransition (file://C:/Users/geren/Repo GIt/Strax Landing/strax-landing/.next/dev/static/chunks/node_modules_next_dist_compiled_0rpq4pf._.js:1279:31)
    at Object.hmrRefresh (file://C:/Users/geren/Repo GIt/Strax Landing/strax-landing/.next/dev/static/chunks/node_modules_next_dist_client_0fhqo1d._.js:11799:40)
    at <unknown> (file://C:/Users/geren/Repo GIt/Strax Landing/strax-landing/.next/dev/static/chunks/node_modules_next_dist_client_0fhqo1d._.js:13967:64)
    at startTransition (file://C:/Users/geren/Repo GIt/Strax Landing/strax-landing/.next/dev/static/chunks/node_modules_next_dist_compiled_0rpq4pf._.js:1279:31)
    at processMessage (file://C:/Users/geren/Repo GIt/Strax Landing/strax-landing/.next/dev/static/chunks/node_modules_next_dist_client_0fhqo1d._.js:13966:44)
    at WebSocket.handleMessage (file://C:/Users/geren/Repo GIt/Strax Landing/strax-landing/.next/dev/static/chunks/node_modules_next_dist_client_0fhqo1d._.js:13335:52)
[browser] Uncaught Error: Internal Next.js error: Router action dispatched before initialization.
    at dispatchAppRouterAction (file://C:/Users/geren/Repo GIt/Strax Landing/strax-landing/.next/dev/static/chunks/node_modules_next_dist_client_0fhqo1d._.js:916:37)
    at <unknown> (file://C:/Users/geren/Repo GIt/Strax Landing/strax-landing/.next/dev/static/chunks/node_modules_next_dist_client_0fhqo1d._.js:11800:61)
    at startTransition (file://C:/Users/geren/Repo GIt/Strax Landing/strax-landing/.next/dev/static/chunks/node_modules_next_dist_compiled_0rpq4pf._.js:1279:31)
    at Object.hmrRefresh (file://C:/Users/geren/Repo GIt/Strax Landing/strax-landing/.next/dev/static/chunks/node_modules_next_dist_client_0fhqo1d._.js:11799:40)
    at <unknown> (file://C:/Users/geren/Repo GIt/Strax Landing/strax-landing/.next/dev/static/chunks/node_modules_next_dist_client_0fhqo1d._.js:13967:64)
    at startTransition (file://C:/Users/geren/Repo GIt/Strax Landing/strax-landing/.next/dev/static/chunks/node_modules_next_dist_compiled_0rpq4pf._.js:1279:31)
    at processMessage (file://C:/Users/geren/Repo GIt/Strax Landing/strax-landing/.next/dev/static/chunks/node_modules_next_dist_client_0fhqo1d._.js:13966:44)
    at WebSocket.handleMessage (file://C:/Users/geren/Repo GIt/Strax Landing/strax-landing/.next/dev/static/chunks/node_modules_next_dist_client_0fhqo1d._.js:13335:52)
[browser] Uncaught Error: Internal Next.js error: Router action dispatched before initialization.
    at dispatchAppRouterAction (file://C:/Users/geren/Repo GIt/Strax Landing/strax-landing/.next/dev/static/chunks/node_modules_next_dist_client_0fhqo1d._.js:916:37)
    at <unknown> (file://C:/Users/geren/Repo GIt/Strax Landing/strax-landing/.next/dev/static/chunks/node_modules_next_dist_client_0fhqo1d._.js:11800:61)
    at startTransition (file://C:/Users/geren/Repo GIt/Strax Landing/strax-landing/.next/dev/static/chunks/node_modules_next_dist_compiled_0rpq4pf._.js:1279:31)
    at Object.hmrRefresh (file://C:/Users/geren/Repo GIt/Strax Landing/strax-landing/.next/dev/static/chunks/node_modules_next_dist_client_0fhqo1d._.js:11799:40)
    at <unknown> (file://C:/Users/geren/Repo GIt/Strax Landing/strax-landing/.next/dev/static/chunks/node_modules_next_dist_client_0fhqo1d._.js:13967:64)
    at startTransition (file://C:/Users/geren/Repo GIt/Strax Landing/strax-landing/.next/dev/static/chunks/node_modules_next_dist_compiled_0rpq4pf._.js:1279:31)
    at processMessage (file://C:/Users/geren/Repo GIt/Strax Landing/strax-landing/.next/dev/static/chunks/node_modules_next_dist_client_0fhqo1d._.js:13966:44)
    at WebSocket.handleMessage (file://C:/Users/geren/Repo GIt/Strax Landing/strax-landing/.next/dev/static/chunks/node_modules_next_dist_client_0fhqo1d._.js:13335:52)
[browser] Uncaught Error: Internal Next.js error: Router action dispatched before initialization.
    at dispatchAppRouterAction (file://C:/Users/geren/Repo GIt/Strax Landing/strax-landing/.next/dev/static/chunks/node_modules_next_dist_client_0fhqo1d._.js:916:37)
    at <unknown> (file://C:/Users/geren/Repo GIt/Strax Landing/strax-landing/.next/dev/static/chunks/node_modules_next_dist_client_0fhqo1d._.js:11800:61)
    at startTransition (file://C:/Users/geren/Repo GIt/Strax Landing/strax-landing/.next/dev/static/chunks/node_modules_next_dist_compiled_0rpq4pf._.js:1279:31)
    at Object.hmrRefresh (file://C:/Users/geren/Repo GIt/Strax Landing/strax-landing/.next/dev/static/chunks/node_modules_next_dist_client_0fhqo1d._.js:11799:40)
    at processMessage (file://C:/Users/geren/Repo GIt/Strax Landing/strax-landing/.next/dev/static/chunks/node_modules_next_dist_client_0fhqo1d._.js:13990:67)
    at WebSocket.handleMessage (file://C:/Users/geren/Repo GIt/Strax Landing/strax-landing/.next/dev/static/chunks/node_modules_next_dist_client_0fhqo1d._.js:13335:52)
[browser] Uncaught Error: Internal Next.js error: Router action dispatched before initialization.
    at dispatchAppRouterAction (file://C:/Users/geren/Repo GIt/Strax Landing/strax-landing/.next/dev/static/chunks/node_modules_next_dist_client_0fhqo1d._.js:916:37)
    at <unknown> (file://C:/Users/geren/Repo GIt/Strax Landing/strax-landing/.next/dev/static/chunks/node_modules_next_dist_client_0fhqo1d._.js:11800:61)
    at startTransition (file://C:/Users/geren/Repo GIt/Strax Landing/strax-landing/.next/dev/static/chunks/node_modules_next_dist_compiled_0rpq4pf._.js:1279:31)
    at Object.hmrRefresh (file://C:/Users/geren/Repo GIt/Strax Landing/strax-landing/.next/dev/static/chunks/node_modules_next_dist_client_0fhqo1d._.js:11799:40)
    at processMessage (file://C:/Users/geren/Repo GIt/Strax Landing/strax-landing/.next/dev/static/chunks/node_modules_next_dist_client_0fhqo1d._.js:13990:67)
    at WebSocket.handleMessage (file://C:/Users/geren/Repo GIt/Strax Landing/strax-landing/.next/dev/static/chunks/node_modules_next_dist_client_0fhqo1d._.js:13335:52)
[browser] Uncaught Error: Internal Next.js error: Router action dispatched before initialization.
    at dispatchAppRouterAction (file://C:/Users/geren/Repo GIt/Strax Landing/strax-landing/.next/dev/static/chunks/node_modules_next_dist_client_0fhqo1d._.js:916:37)
    at <unknown> (file://C:/Users/geren/Repo GIt/Strax Landing/strax-landing/.next/dev/static/chunks/node_modules_next_dist_client_0fhqo1d._.js:11800:61)
    at startTransition (file://C:/Users/geren/Repo GIt/Strax Landing/strax-landing/.next/dev/static/chunks/node_modules_next_dist_compiled_0rpq4pf._.js:1279:31)
    at Object.hmrRefresh (file://C:/Users/geren/Repo GIt/Strax Landing/strax-landing/.next/dev/static/chunks/node_modules_next_dist_client_0fhqo1d._.js:11799:40)
    at processMessage (file://C:/Users/geren/Repo GIt/Strax Landing/strax-landing/.next/dev/static/chunks/node_modules_next_dist_client_0fhqo1d._.js:13990:67)
    at WebSocket.handleMessage (file://C:/Users/geren/Repo GIt/Strax Landing/strax-landing/.next/dev/static/chunks/node_modules_next_dist_client_0fhqo1d._.js:13335:52)
[browser] Uncaught Error: Internal Next.js error: Router action dispatched before initialization.
    at dispatchAppRouterAction (file://C:/Users/geren/Repo GIt/Strax Landing/strax-landing/.next/dev/static/chunks/node_modules_next_dist_client_0fhqo1d._.js:916:37)
    at <unknown> (file://C:/Users/geren/Repo GIt/Strax Landing/strax-landing/.next/dev/static/chunks/node_modules_next_dist_client_0fhqo1d._.js:11800:61)
    at startTransition (file://C:/Users/geren/Repo GIt/Strax Landing/strax-landing/.next/dev/static/chunks/node_modules_next_dist_compiled_0rpq4pf._.js:1279:31)
    at Object.hmrRefresh (file://C:/Users/geren/Repo GIt/Strax Landing/strax-landing/.next/dev/static/chunks/node_modules_next_dist_client_0fhqo1d._.js:11799:40)
    at processMessage (file://C:/Users/geren/Repo GIt/Strax Landing/strax-landing/.next/dev/static/chunks/node_modules_next_dist_client_0fhqo1d._.js:13990:67)
    at WebSocket.handleMessage (file://C:/Users/geren/Repo GIt/Strax Landing/strax-landing/.next/dev/static/chunks/node_modules_next_dist_client_0fhqo1d._.js:13335:52)
[browser] Uncaught Error: Internal Next.js error: Router action dispatched before initialization.
    at dispatchAppRouterAction (file://C:/Users/geren/Repo GIt/Strax Landing/strax-landing/.next/dev/static/chunks/node_modules_next_dist_client_0fhqo1d._.js:916:37)
    at <unknown> (file://C:/Users/geren/Repo GIt/Strax Landing/strax-landing/.next/dev/static/chunks/node_modules_next_dist_client_0fhqo1d._.js:11800:61)
    at startTransition (file://C:/Users/geren/Repo GIt/Strax Landing/strax-landing/.next/dev/static/chunks/node_modules_next_dist_compiled_0rpq4pf._.js:1279:31)
    at Object.hmrRefresh (file://C:/Users/geren/Repo GIt/Strax Landing/strax-landing/.next/dev/static/chunks/node_modules_next_dist_client_0fhqo1d._.js:11799:40)
    at processMessage (file://C:/Users/geren/Repo GIt/Strax Landing/strax-landing/.next/dev/static/chunks/node_modules_next_dist_client_0fhqo1d._.js:13990:67)
    at WebSocket.handleMessage (file://C:/Users/geren/Repo GIt/Strax Landing/strax-landing/.next/dev/static/chunks/node_modules_next_dist_client_0fhqo1d._.js:13335:52)
[browser] Uncaught Error: Internal Next.js error: Router action dispatched before initialization.
    at dispatchAppRouterAction (file://C:/Users/geren/Repo GIt/Strax Landing/strax-landing/.next/dev/static/chunks/node_modules_next_dist_client_0fhqo1d._.js:916:37)
    at <unknown> (file://C:/Users/geren/Repo GIt/Strax Landing/strax-landing/.next/dev/static/chunks/node_modules_next_dist_client_0fhqo1d._.js:11800:61)
    at startTransition (file://C:/Users/geren/Repo GIt/Strax Landing/strax-landing/.next/dev/static/chunks/node_modules_next_dist_compiled_0rpq4pf._.js:1279:31)
    at Object.hmrRefresh (file://C:/Users/geren/Repo GIt/Strax Landing/strax-landing/.next/dev/static/chunks/node_modules_next_dist_client_0fhqo1d._.js:11799:40)
    at processMessage (file://C:/Users/geren/Repo GIt/Strax Landing/strax-landing/.next/dev/static/chunks/node_modules_next_dist_client_0fhqo1d._.js:13990:67)
    at WebSocket.handleMessage (file://C:/Users/geren/Repo GIt/Strax Landing/strax-landing/.next/dev/static/chunks/node_modules_next_dist_client_0fhqo1d._.js:13335:52)
[browser] Uncaught Error: Internal Next.js error: Router action dispatched before initialization.
    at dispatchAppRouterAction (file://C:/Users/geren/Repo GIt/Strax Landing/strax-landing/.next/dev/static/chunks/node_modules_next_dist_client_0fhqo1d._.js:916:37)
    at <unknown> (file://C:/Users/geren/Repo GIt/Strax Landing/strax-landing/.next/dev/static/chunks/node_modules_next_dist_client_0fhqo1d._.js:11800:61)
    at startTransition (file://C:/Users/geren/Repo GIt/Strax Landing/strax-landing/.next/dev/static/chunks/node_modules_next_dist_compiled_0rpq4pf._.js:1279:31)
    at Object.hmrRefresh (file://C:/Users/geren/Repo GIt/Strax Landing/strax-landing/.next/dev/static/chunks/node_modules_next_dist_client_0fhqo1d._.js:11799:40)
    at processMessage (file://C:/Users/geren/Repo GIt/Strax Landing/strax-landing/.next/dev/static/chunks/node_modules_next_dist_client_0fhqo1d._.js:13990:67)
    at WebSocket.handleMessage (file://C:/Users/geren/Repo GIt/Strax Landing/strax-landing/.next/dev/static/chunks/node_modules_next_dist_client_0fhqo1d._.js:13335:52)
[browser] Uncaught Error: Internal Next.js error: Router action dispatched before initialization.
    at dispatchAppRouterAction (file://C:/Users/geren/Repo GIt/Strax Landing/strax-landing/.next/dev/static/chunks/node_modules_next_dist_client_0fhqo1d._.js:916:37)
    at <unknown> (file://C:/Users/geren/Repo GIt/Strax Landing/strax-landing/.next/dev/static/chunks/node_modules_next_dist_client_0fhqo1d._.js:11800:61)
    at startTransition (file://C:/Users/geren/Repo GIt/Strax Landing/strax-landing/.next/dev/static/chunks/node_modules_next_dist_compiled_0rpq4pf._.js:1279:31)
    at Object.hmrRefresh (file://C:/Users/geren/Repo GIt/Strax Landing/strax-landing/.next/dev/static/chunks/node_modules_next_dist_client_0fhqo1d._.js:11799:40)
    at processMessage (file://C:/Users/geren/Repo GIt/Strax Landing/strax-landing/.next/dev/static/chunks/node_modules_next_dist_client_0fhqo1d._.js:13990:67)
    at WebSocket.handleMessage (file://C:/Users/geren/Repo GIt/Strax Landing/strax-landing/.next/dev/static/chunks/node_modules_next_dist_client_0fhqo1d._.js:13335:52)
[browser] Uncaught Error: Internal Next.js error: Router action dispatched before initialization.
    at dispatchAppRouterAction (file://C:/Users/geren/Repo GIt/Strax Landing/strax-landing/.next/dev/static/chunks/node_modules_next_dist_client_0fhqo1d._.js:916:37)
    at <unknown> (file://C:/Users/geren/Repo GIt/Strax Landing/strax-landing/.next/dev/static/chunks/node_modules_next_dist_client_0fhqo1d._.js:11800:61)
    at startTransition (file://C:/Users/geren/Repo GIt/Strax Landing/strax-landing/.next/dev/static/chunks/node_modules_next_dist_compiled_0rpq4pf._.js:1279:31)
    at Object.hmrRefresh (file://C:/Users/geren/Repo GIt/Strax Landing/strax-landing/.next/dev/static/chunks/node_modules_next_dist_client_0fhqo1d._.js:11799:40)
    at processMessage (file://C:/Users/geren/Repo GIt/Strax Landing/strax-landing/.next/dev/static/chunks/node_modules_next_dist_client_0fhqo1d._.js:13990:67)
    at WebSocket.handleMessage (file://C:/Users/geren/Repo GIt/Strax Landing/strax-landing/.next/dev/static/chunks/node_modules_next_dist_client_0fhqo1d._.js:13335:52)
[browser] Uncaught Error: Internal Next.js error: Router action dispatched before initialization.
    at dispatchAppRouterAction (file://C:/Users/geren/Repo GIt/Strax Landing/strax-landing/.next/dev/static/chunks/node_modules_next_dist_client_0fhqo1d._.js:916:37)
    at <unknown> (file://C:/Users/geren/Repo GIt/Strax Landing/strax-landing/.next/dev/static/chunks/node_modules_next_dist_client_0fhqo1d._.js:11800:61)
    at startTransition (file://C:/Users/geren/Repo GIt/Strax Landing/strax-landing/.next/dev/static/chunks/node_modules_next_dist_compiled_0rpq4pf._.js:1279:31)
    at Object.hmrRefresh (file://C:/Users/geren/Repo GIt/Strax Landing/strax-landing/.next/dev/static/chunks/node_modules_next_dist_client_0fhqo1d._.js:11799:40)
    at processMessage (file://C:/Users/geren/Repo GIt/Strax Landing/strax-landing/.next/dev/static/chunks/node_modules_next_dist_client_0fhqo1d._.js:13990:67)
    at WebSocket.handleMessage (file://C:/Users/geren/Repo GIt/Strax Landing/strax-landing/.next/dev/static/chunks/node_modules_next_dist_client_0fhqo1d._.js:13335:52)
[browser] Uncaught Error: Internal Next.js error: Router action dispatched before initialization.
    at dispatchAppRouterAction (file://C:/Users/geren/Repo GIt/Strax Landing/strax-landing/.next/dev/static/chunks/node_modules_next_dist_client_0fhqo1d._.js:916:37)
    at <unknown> (file://C:/Users/geren/Repo GIt/Strax Landing/strax-landing/.next/dev/static/chunks/node_modules_next_dist_client_0fhqo1d._.js:11800:61)
    at startTransition (file://C:/Users/geren/Repo GIt/Strax Landing/strax-landing/.next/dev/static/chunks/node_modules_next_dist_compiled_0rpq4pf._.js:1279:31)
    at Object.hmrRefresh (file://C:/Users/geren/Repo GIt/Strax Landing/strax-landing/.next/dev/static/chunks/node_modules_next_dist_client_0fhqo1d._.js:11799:40)
    at processMessage (file://C:/Users/geren/Repo GIt/Strax Landing/strax-landing/.next/dev/static/chunks/node_modules_next_dist_client_0fhqo1d._.js:13990:67)
    at WebSocket.handleMessage (file://C:/Users/geren/Repo GIt/Strax Landing/strax-landing/.next/dev/static/chunks/node_modules_next_dist_client_0fhqo1d._.js:13335:52)
[browser] Uncaught Error: Internal Next.js error: Router action dispatched before initialization.
    at dispatchAppRouterAction (file://C:/Users/geren/Repo GIt/Strax Landing/strax-landing/.next/dev/static/chunks/node_modules_next_dist_client_0fhqo1d._.js:916:37)
    at <unknown> (file://C:/Users/geren/Repo GIt/Strax Landing/strax-landing/.next/dev/static/chunks/node_modules_next_dist_client_0fhqo1d._.js:11800:61)
    at startTransition (file://C:/Users/geren/Repo GIt/Strax Landing/strax-landing/.next/dev/static/chunks/node_modules_next_dist_compiled_0rpq4pf._.js:1279:31)
    at Object.hmrRefresh (file://C:/Users/geren/Repo GIt/Strax Landing/strax-landing/.next/dev/static/chunks/node_modules_next_dist_client_0fhqo1d._.js:11799:40)
    at processMessage (file://C:/Users/geren/Repo GIt/Strax Landing/strax-landing/.next/dev/static/chunks/node_modules_next_dist_client_0fhqo1d._.js:13990:67)
    at WebSocket.handleMessage (file://C:/Users/geren/Repo GIt/Strax Landing/strax-landing/.next/dev/static/chunks/node_modules_next_dist_client_0fhqo1d._.js:13335:52)
[browser] Uncaught Error: Internal Next.js error: Router action dispatched before initialization.
    at dispatchAppRouterAction (file://C:/Users/geren/Repo GIt/Strax Landing/strax-landing/.next/dev/static/chunks/node_modules_next_dist_client_0fhqo1d._.js:916:37)
    at <unknown> (file://C:/Users/geren/Repo GIt/Strax Landing/strax-landing/.next/dev/static/chunks/node_modules_next_dist_client_0fhqo1d._.js:11800:61)
    at startTransition (file://C:/Users/geren/Repo GIt/Strax Landing/strax-landing/.next/dev/static/chunks/node_modules_next_dist_compiled_0rpq4pf._.js:1279:31)
    at Object.hmrRefresh (file://C:/Users/geren/Repo GIt/Strax Landing/strax-landing/.next/dev/static/chunks/node_modules_next_dist_client_0fhqo1d._.js:11799:40)
    at processMessage (file://C:/Users/geren/Repo GIt/Strax Landing/strax-landing/.next/dev/static/chunks/node_modules_next_dist_client_0fhqo1d._.js:13990:67)
    at WebSocket.handleMessage (file://C:/Users/geren/Repo GIt/Strax Landing/strax-landing/.next/dev/static/chunks/node_modules_next_dist_client_0fhqo1d._.js:13335:52)
[browser] Uncaught Error: Internal Next.js error: Router action dispatched before initialization.
    at dispatchAppRouterAction (file://C:/Users/geren/Repo GIt/Strax Landing/strax-landing/.next/dev/static/chunks/node_modules_next_dist_client_0fhqo1d._.js:916:37)
    at <unknown> (file://C:/Users/geren/Repo GIt/Strax Landing/strax-landing/.next/dev/static/chunks/node_modules_next_dist_client_0fhqo1d._.js:11800:61)
    at startTransition (file://C:/Users/geren/Repo GIt/Strax Landing/strax-landing/.next/dev/static/chunks/node_modules_next_dist_compiled_0rpq4pf._.js:1279:31)
    at Object.hmrRefresh (file://C:/Users/geren/Repo GIt/Strax Landing/strax-landing/.next/dev/static/chunks/node_modules_next_dist_client_0fhqo1d._.js:11799:40)
    at processMessage (file://C:/Users/geren/Repo GIt/Strax Landing/strax-landing/.next/dev/static/chunks/node_modules_next_dist_client_0fhqo1d._.js:13990:67)
    at WebSocket.handleMessage (file://C:/Users/geren/Repo GIt/Strax Landing/strax-landing/.next/dev/static/chunks/node_modules_next_dist_client_0fhqo1d._.js:13335:52)
[browser] Uncaught Error: Internal Next.js error: Router action dispatched before initialization.
    at dispatchAppRouterAction (file://C:/Users/geren/Repo GIt/Strax Landing/strax-landing/.next/dev/static/chunks/node_modules_next_dist_client_0fhqo1d._.js:916:37)
    at <unknown> (file://C:/Users/geren/Repo GIt/Strax Landing/strax-landing/.next/dev/static/chunks/node_modules_next_dist_client_0fhqo1d._.js:11800:61)
    at startTransition (file://C:/Users/geren/Repo GIt/Strax Landing/strax-landing/.next/dev/static/chunks/node_modules_next_dist_compiled_0rpq4pf._.js:1279:31)
    at Object.hmrRefresh (file://C:/Users/geren/Repo GIt/Strax Landing/strax-landing/.next/dev/static/chunks/node_modules_next_dist_client_0fhqo1d._.js:11799:40)
    at processMessage (file://C:/Users/geren/Repo GIt/Strax Landing/strax-landing/.next/dev/static/chunks/node_modules_next_dist_client_0fhqo1d._.js:13990:67)
    at WebSocket.handleMessage (file://C:/Users/geren/Repo GIt/Strax Landing/strax-landing/.next/dev/static/chunks/node_modules_next_dist_client_0fhqo1d._.js:13335:52)
[browser] Uncaught Error: Internal Next.js error: Router action dispatched before initialization.
    at dispatchAppRouterAction (file://C:/Users/geren/Repo GIt/Strax Landing/strax-landing/.next/dev/static/chunks/node_modules_next_dist_client_0fhqo1d._.js:916:37)
    at <unknown> (file://C:/Users/geren/Repo GIt/Strax Landing/strax-landing/.next/dev/static/chunks/node_modules_next_dist_client_0fhqo1d._.js:11800:61)
    at startTransition (file://C:/Users/geren/Repo GIt/Strax Landing/strax-landing/.next/dev/static/chunks/node_modules_next_dist_compiled_0rpq4pf._.js:1279:31)
    at Object.hmrRefresh (file://C:/Users/geren/Repo GIt/Strax Landing/strax-landing/.next/dev/static/chunks/node_modules_next_dist_client_0fhqo1d._.js:11799:40)
    at processMessage (file://C:/Users/geren/Repo GIt/Strax Landing/strax-landing/.next/dev/static/chunks/node_modules_next_dist_client_0fhqo1d._.js:13990:67)
    at WebSocket.handleMessage (file://C:/Users/geren/Repo GIt/Strax Landing/strax-landing/.next/dev/static/chunks/node_modules_next_dist_client_0fhqo1d._.js:13335:52)
[browser] Uncaught Error: Internal Next.js error: Router action dispatched before initialization.
    at dispatchAppRouterAction (file://C:/Users/geren/Repo GIt/Strax Landing/strax-landing/.next/dev/static/chunks/node_modules_next_dist_client_0fhqo1d._.js:916:37)
    at <unknown> (file://C:/Users/geren/Repo GIt/Strax Landing/strax-landing/.next/dev/static/chunks/node_modules_next_dist_client_0fhqo1d._.js:11800:61)
    at startTransition (file://C:/Users/geren/Repo GIt/Strax Landing/strax-landing/.next/dev/static/chunks/node_modules_next_dist_compiled_0rpq4pf._.js:1279:31)
    at Object.hmrRefresh (file://C:/Users/geren/Repo GIt/Strax Landing/strax-landing/.next/dev/static/chunks/node_modules_next_dist_client_0fhqo1d._.js:11799:40)
    at processMessage (file://C:/Users/geren/Repo GIt/Strax Landing/strax-landing/.next/dev/static/chunks/node_modules_next_dist_client_0fhqo1d._.js:13990:67)
    at WebSocket.handleMessage (file://C:/Users/geren/Repo GIt/Strax Landing/strax-landing/.next/dev/static/chunks/node_modules_next_dist_client_0fhqo1d._.js:13335:52)
[browser] Uncaught Error: Internal Next.js error: Router action dispatched before initialization.
    at dispatchAppRouterAction (file://C:/Users/geren/Repo GIt/Strax Landing/strax-landing/.next/dev/static/chunks/node_modules_next_dist_client_0fhqo1d._.js:916:37)
    at <unknown> (file://C:/Users/geren/Repo GIt/Strax Landing/strax-landing/.next/dev/static/chunks/node_modules_next_dist_client_0fhqo1d._.js:11800:61)
    at startTransition (file://C:/Users/geren/Repo GIt/Strax Landing/strax-landing/.next/dev/static/chunks/node_modules_next_dist_compiled_0rpq4pf._.js:1279:31)
    at Object.hmrRefresh (file://C:/Users/geren/Repo GIt/Strax Landing/strax-landing/.next/dev/static/chunks/node_modules_next_dist_client_0fhqo1d._.js:11799:40)
    at <unknown> (file://C:/Users/geren/Repo GIt/Strax Landing/strax-landing/.next/dev/static/chunks/node_modules_next_dist_client_0fhqo1d._.js:13967:64)
    at startTransition (file://C:/Users/geren/Repo GIt/Strax Landing/strax-landing/.next/dev/static/chunks/node_modules_next_dist_compiled_0rpq4pf._.js:1279:31)
    at processMessage (file://C:/Users/geren/Repo GIt/Strax Landing/strax-landing/.next/dev/static/chunks/node_modules_next_dist_client_0fhqo1d._.js:13966:44)
    at WebSocket.handleMessage (file://C:/Users/geren/Repo GIt/Strax Landing/strax-landing/.next/dev/static/chunks/node_modules_next_dist_client_0fhqo1d._.js:13335:52)
[browser] Uncaught Error: Internal Next.js error: Router action dispatched before initialization.
    at dispatchAppRouterAction (file://C:/Users/geren/Repo GIt/Strax Landing/strax-landing/.next/dev/static/chunks/node_modules_next_dist_client_0fhqo1d._.js:916:37)
    at <unknown> (file://C:/Users/geren/Repo GIt/Strax Landing/strax-landing/.next/dev/static/chunks/node_modules_next_dist_client_0fhqo1d._.js:11800:61)
    at startTransition (file://C:/Users/geren/Repo GIt/Strax Landing/strax-landing/.next/dev/static/chunks/node_modules_next_dist_compiled_0rpq4pf._.js:1279:31)
    at Object.hmrRefresh (file://C:/Users/geren/Repo GIt/Strax Landing/strax-landing/.next/dev/static/chunks/node_modules_next_dist_client_0fhqo1d._.js:11799:40)
    at <unknown> (file://C:/Users/geren/Repo GIt/Strax Landing/strax-landing/.next/dev/static/chunks/node_modules_next_dist_client_0fhqo1d._.js:13967:64)
    at startTransition (file://C:/Users/geren/Repo GIt/Strax Landing/strax-landing/.next/dev/static/chunks/node_modules_next_dist_compiled_0rpq4pf._.js:1279:31)
    at processMessage (file://C:/Users/geren/Repo GIt/Strax Landing/strax-landing/.next/dev/static/chunks/node_modules_next_dist_client_0fhqo1d._.js:13966:44)
    at WebSocket.handleMessage (file://C:/Users/geren/Repo GIt/Strax Landing/strax-landing/.next/dev/static/chunks/node_modules_next_dist_client_0fhqo1d._.js:13335:52)
