
> strax-landing@0.1.0 dev
> next dev

▲ Next.js 16.2.1 (Turbopack)
- Local:         http://localhost:3000
- Network:       http://10.0.0.27:3000
- Environments: .env.local
✓ Ready in 444ms
Creating turbopack project {
  dir: 'C:\\Users\\geren\\Repo GIt\\Strax Landing\\strax-landing',
  testMode: true
}

 GET /workspace/demo-client 200 in 702ms (next.js: 509ms, application-code: 193ms)
 GET /workspace/demo-client?iia=50.8&ira=61.85&mie=0&founder_dependency=high&process_level=partial 200 in 119ms (next.js: 31ms, application-code: 88ms)
 GET /workspace/CLIENT_ID_AQUI 200 in 1110ms (next.js: 41ms, application-code: 1069ms)
 GET / 200 in 67ms (next.js: 39ms, application-code: 28ms)
 GET /workspace/4d24c1e9-ae30-4c8c-b1f0-d500925d11a3 200 in 1629ms (next.js: 32ms, application-code: 1597ms)
 GET /workspace/11111111-1111-4111-8111-111111111111 200 in 1251ms (next.js: 38ms, application-code: 1213ms)
 GET / 200 in 188ms (next.js: 70ms, application-code: 118ms)
 GET / 200 in 77ms (next.js: 6ms, application-code: 71ms)
 GET / 200 in 35ms (next.js: 4ms, application-code: 31ms)
✓ Compiled in 171ms
 GET /fase-2 200 in 203ms (next.js: 41ms, application-code: 162ms)
✓ Compiled in 67ms
 GET /fase-2 200 in 62ms (next.js: 16ms, application-code: 46ms)
[fase-2] request received {
  source: 'strax_fase_2',
  capturedAt: '2026-04-28T19:37:12.447Z',
  hasInitialSnapshot: true,
  deepDiagnosticKeys: 14
}
[fase-2] upstream response { ok: true, status: 200, hasBody: true }
 POST /api/fase-2 200 in 31.7s (next.js: 88ms, application-code: 31.7s)
 GET /workspace/4f5b8042-a374-4b5c-8355-118d4f09e7e9 200 in 712ms (next.js: 96ms, application-code: 616ms)
 GET /workspace/4f5b8042-a374-4b5c-8355-118d4f09e7e9 200 in 275ms (next.js: 165ms, application-code: 111ms)
 GET /workspace/4f5b8042-a374-4b5c-8355-118d4f09e7e9 200 in 569ms (next.js: 31ms, application-code: 538ms)
 GET /workspace/4f5b8042-a374-4b5c-8355-118d4f09e7e9 200 in 542ms (next.js: 4ms, application-code: 539ms)
 GET /workspace/4f5b8042-a374-4b5c-8355-118d4f09e7e9 200 in 479ms (next.js: 10ms, application-code: 469ms)
 GET /workspace/4f5b8042-a374-4b5c-8355-118d4f09e7e9 200 in 478ms (next.js: 76ms, application-code: 402ms)
 GET /workspace/4f5b8042-a374-4b5c-8355-118d4f09e7e9 200 in 480ms (next.js: 43ms, application-code: 438ms)
 GET /workspace/4f5b8042-a374-4b5c-8355-118d4f09e7e9 200 in 540ms (next.js: 119ms, application-code: 421ms)
 GET /workspace/4f5b8042-a374-4b5c-8355-118d4f09e7e9 200 in 454ms (next.js: 29ms, application-code: 425ms)
 GET /workspace/4f5b8042-a374-4b5c-8355-118d4f09e7e9 200 in 350ms (next.js: 11ms, application-code: 339ms)
 GET /workspace/4f5b8042-a374-4b5c-8355-118d4f09e7e9 200 in 347ms (next.js: 4ms, application-code: 342ms)
 GET /workspace/4f5b8042-a374-4b5c-8355-118d4f09e7e9 200 in 349ms (next.js: 32ms, application-code: 317ms)
 GET /workspace/4f5b8042-a374-4b5c-8355-118d4f09e7e9 200 in 295ms (next.js: 53ms, application-code: 241ms)
 GET /workspace/4f5b8042-a374-4b5c-8355-118d4f09e7e9 200 in 295ms (next.js: 78ms, application-code: 217ms)
 GET /workspace/4f5b8042-a374-4b5c-8355-118d4f09e7e9 200 in 363ms (next.js: 28ms, application-code: 335ms)
 GET /workspace/4f5b8042-a374-4b5c-8355-118d4f09e7e9 200 in 274ms (next.js: 8ms, application-code: 266ms)
 GET /workspace/4f5b8042-a374-4b5c-8355-118d4f09e7e9 200 in 209ms (next.js: 4ms, application-code: 205ms)
 GET /workspace/4f5b8042-a374-4b5c-8355-118d4f09e7e9 200 in 209ms (next.js: 48ms, application-code: 161ms)
 GET /workspace/4f5b8042-a374-4b5c-8355-118d4f09e7e9 200 in 136ms (next.js: 31ms, application-code: 105ms)
✓ Compiled in 78ms
✓ Compiled in 71ms
 GET /workspace/demo-client/architecture 500 in 1618ms (next.js: 1121ms, application-code: 498ms)
 GET /workspace/demo-client/architecture? 500 in 399ms (next.js: 28ms, application-code: 371ms)
✓ Compiled in 109ms
 GET /workspace/demo-client/architecture 200 in 549ms (next.js: 313ms, application-code: 236ms)
 GET /workspace/4f5b8042-a374-4b5c-8355-118d4f09e7e9 200 in 719ms (next.js: 119ms, application-code: 600ms)
 GET /workspace/4f5b8042-a374-4b5c-8355-118d4f09e7e9 200 in 283ms (next.js: 5ms, application-code: 277ms)
 GET /workspace/4f5b8042-a374-4b5c-8355-118d4f09e7e9 200 in 184ms (next.js: 32ms, application-code: 151ms)
 GET /workspace/4f5b8042-a374-4b5c-8355-118d4f09e7e9 200 in 182ms (next.js: 83ms, application-code: 99ms)
 GET /workspace/demo-client/live 404 in 94ms (next.js: 46ms, application-code: 49ms)
 GET /workspace/4f5b8042-a374-4b5c-8355-118d4f09e7e9 200 in 874ms (next.js: 252ms, application-code: 622ms)
 GET /workspace/4f5b8042-a374-4b5c-8355-118d4f09e7e9 200 in 404ms (next.js: 6ms, application-code: 398ms)
 GET /workspace/4f5b8042-a374-4b5c-8355-118d4f09e7e9 200 in 416ms (next.js: 10ms, application-code: 406ms)
 GET /workspace/4f5b8042-a374-4b5c-8355-118d4f09e7e9 200 in 417ms (next.js: 45ms, application-code: 371ms)
 GET /workspace/4f5b8042-a374-4b5c-8355-118d4f09e7e9 200 in 417ms (next.js: 82ms, application-code: 336ms)
 GET /workspace/4f5b8042-a374-4b5c-8355-118d4f09e7e9 200 in 477ms (next.js: 110ms, application-code: 366ms)
 GET /workspace/4f5b8042-a374-4b5c-8355-118d4f09e7e9 200 in 505ms (next.js: 30ms, application-code: 474ms)
 GET /workspace/4f5b8042-a374-4b5c-8355-118d4f09e7e9 200 in 406ms (next.js: 9ms, application-code: 397ms)
 GET /workspace/4f5b8042-a374-4b5c-8355-118d4f09e7e9 200 in 417ms (next.js: 9ms, application-code: 408ms)
 GET /workspace/4f5b8042-a374-4b5c-8355-118d4f09e7e9 200 in 416ms (next.js: 76ms, application-code: 340ms)
 GET /workspace/4f5b8042-a374-4b5c-8355-118d4f09e7e9 200 in 473ms (next.js: 42ms, application-code: 430ms)
 GET /workspace/4f5b8042-a374-4b5c-8355-118d4f09e7e9 200 in 306ms (next.js: 22ms, application-code: 284ms)
 GET /workspace/4f5b8042-a374-4b5c-8355-118d4f09e7e9 200 in 512ms (next.js: 31ms, application-code: 482ms)
 GET /workspace/4f5b8042-a374-4b5c-8355-118d4f09e7e9 200 in 426ms (next.js: 9ms, application-code: 416ms)
 GET /workspace/4f5b8042-a374-4b5c-8355-118d4f09e7e9 200 in 428ms (next.js: 7ms, application-code: 422ms)
 GET /workspace/4f5b8042-a374-4b5c-8355-118d4f09e7e9 200 in 429ms (next.js: 35ms, application-code: 394ms)
 GET /workspace/4f5b8042-a374-4b5c-8355-118d4f09e7e9 200 in 483ms (next.js: 131ms, application-code: 352ms)
 GET /workspace/4f5b8042-a374-4b5c-8355-118d4f09e7e9 200 in 286ms (next.js: 36ms, application-code: 250ms)
 GET /workspace/4f5b8042-a374-4b5c-8355-118d4f09e7e9 200 in 387ms (next.js: 6ms, application-code: 381ms)
 GET /workspace/4f5b8042-a374-4b5c-8355-118d4f09e7e9 200 in 305ms (next.js: 8ms, application-code: 297ms)
 GET /workspace/4f5b8042-a374-4b5c-8355-118d4f09e7e9 200 in 225ms (next.js: 6ms, application-code: 220ms)
 GET /workspace/4f5b8042-a374-4b5c-8355-118d4f09e7e9 200 in 226ms (next.js: 35ms, application-code: 192ms)
 GET /workspace/4f5b8042-a374-4b5c-8355-118d4f09e7e9 200 in 113ms (next.js: 15ms, application-code: 99ms)
✓ Compiled in 201ms
 GET /workspace/4f5b8042-a374-4b5c-8355-118d4f09e7e9 200 in 593ms (next.js: 153ms, application-code: 440ms)
 GET /workspace/4f5b8042-a374-4b5c-8355-118d4f09e7e9 200 in 463ms (next.js: 4ms, application-code: 460ms)
 GET /workspace/4f5b8042-a374-4b5c-8355-118d4f09e7e9 200 in 446ms (next.js: 65ms, application-code: 381ms)
 GET /workspace/4f5b8042-a374-4b5c-8355-118d4f09e7e9 200 in 449ms (next.js: 9ms, application-code: 441ms)
 GET /workspace/4f5b8042-a374-4b5c-8355-118d4f09e7e9 200 in 505ms (next.js: 97ms, application-code: 407ms)
 GET /workspace/4f5b8042-a374-4b5c-8355-118d4f09e7e9 200 in 512ms (next.js: 9ms, application-code: 503ms)
 GET /workspace/4f5b8042-a374-4b5c-8355-118d4f09e7e9 200 in 432ms (next.js: 49ms, application-code: 383ms)
 GET /workspace/4f5b8042-a374-4b5c-8355-118d4f09e7e9 200 in 377ms (next.js: 8ms, application-code: 369ms)
 GET /workspace/4f5b8042-a374-4b5c-8355-118d4f09e7e9 200 in 383ms (next.js: 7ms, application-code: 377ms)
 GET /workspace/4f5b8042-a374-4b5c-8355-118d4f09e7e9 200 in 385ms (next.js: 38ms, application-code: 348ms)
 GET /workspace/4f5b8042-a374-4b5c-8355-118d4f09e7e9 200 in 267ms (next.js: 13ms, application-code: 254ms)
 GET /workspace/4f5b8042-a374-4b5c-8355-118d4f09e7e9 200 in 542ms (next.js: 4ms, application-code: 538ms)
 GET /workspace/4f5b8042-a374-4b5c-8355-118d4f09e7e9 200 in 483ms (next.js: 30ms, application-code: 453ms)
 GET /workspace/4f5b8042-a374-4b5c-8355-118d4f09e7e9 200 in 389ms (next.js: 6ms, application-code: 382ms)
 GET /workspace/4f5b8042-a374-4b5c-8355-118d4f09e7e9 200 in 329ms (next.js: 6ms, application-code: 324ms)
 GET /workspace/4f5b8042-a374-4b5c-8355-118d4f09e7e9 200 in 329ms (next.js: 81ms, application-code: 249ms)
 GET /workspace/4f5b8042-a374-4b5c-8355-118d4f09e7e9 200 in 118ms (next.js: 16ms, application-code: 102ms)
 GET /workspace/11111111-1111-4111-8111-111111111111/architecture 200 in 428ms (next.js: 218ms, application-code: 210ms)
 GET /workspace/4f5b8042-a374-4b5c-8355-118d4f09e7e9 200 in 355ms (next.js: 161ms, application-code: 193ms)
 GET /workspace/4f5b8042-a374-4b5c-8355-118d4f09e7e9 200 in 98ms (next.js: 4ms, application-code: 93ms)
 GET /workspace/demo-client/architecture 200 in 148ms (next.js: 37ms, application-code: 111ms)
 GET /workspace/demo-client/architecture 200 in 445ms (next.js: 38ms, application-code: 406ms)
 GET /workspace/4f5b8042-a374-4b5c-8355-118d4f09e7e9 200 in 447ms (next.js: 132ms, application-code: 315ms)
 GET /workspace/demo-client/architecture 200 in 347ms (next.js: 8ms, application-code: 339ms)
 GET /workspace/4f5b8042-a374-4b5c-8355-118d4f09e7e9 200 in 347ms (next.js: 72ms, application-code: 275ms)
 GET /workspace/demo-client/architecture 200 in 223ms (next.js: 5ms, application-code: 218ms)
 GET /workspace/demo-client/architecture 200 in 316ms (next.js: 41ms, application-code: 275ms)
 GET /workspace/demo-client/architecture 200 in 301ms (next.js: 6ms, application-code: 295ms)
 GET /workspace/demo-client/architecture 200 in 303ms (next.js: 54ms, application-code: 249ms)
 GET /workspace/demo-client/architecture 200 in 206ms (next.js: 61ms, application-code: 145ms)
 GET /workspace/demo-client/architecture 200 in 208ms (next.js: 29ms, application-code: 180ms)
 GET /workspace/demo-client/architecture 200 in 183ms (next.js: 4ms, application-code: 178ms)
 GET /workspace/demo-client/architecture 200 in 248ms (next.js: 39ms, application-code: 209ms)
 GET /workspace/demo-client/architecture 200 in 269ms (next.js: 7ms, application-code: 262ms)
 GET /workspace/demo-client/architecture 200 in 267ms (next.js: 40ms, application-code: 227ms)
 GET /workspace/demo-client/architecture 200 in 196ms (next.js: 6ms, application-code: 191ms)
 GET /workspace/demo-client/architecture 200 in 268ms (next.js: 37ms, application-code: 231ms)
 GET /workspace/demo-client/architecture 200 in 195ms (next.js: 26ms, application-code: 169ms)
 GET /workspace/demo-client/architecture 200 in 284ms (next.js: 58ms, application-code: 226ms)
 GET /workspace/demo-client/architecture 200 in 328ms (next.js: 39ms, application-code: 289ms)
 GET /workspace/demo-client/architecture 200 in 330ms (next.js: 6ms, application-code: 325ms)
 GET /workspace/demo-client/architecture 200 in 359ms (next.js: 5ms, application-code: 354ms)
 GET /workspace/4f5b8042-a374-4b5c-8355-118d4f09e7e9 200 in 322ms (next.js: 31ms, application-code: 291ms)
 GET /workspace/4f5b8042-a374-4b5c-8355-118d4f09e7e9 200 in 258ms (next.js: 3ms, application-code: 255ms)
 GET /workspace/4f5b8042-a374-4b5c-8355-118d4f09e7e9 200 in 343ms (next.js: 22ms, application-code: 321ms)
 GET /workspace/4f5b8042-a374-4b5c-8355-118d4f09e7e9 200 in 426ms (next.js: 6ms, application-code: 420ms)
 GET /workspace/4f5b8042-a374-4b5c-8355-118d4f09e7e9 200 in 427ms (next.js: 33ms, application-code: 394ms)
 GET /workspace/4f5b8042-a374-4b5c-8355-118d4f09e7e9 200 in 349ms (next.js: 27ms, application-code: 322ms)
 GET /workspace/4f5b8042-a374-4b5c-8355-118d4f09e7e9 200 in 394ms (next.js: 67ms, application-code: 327ms)
 GET /workspace/4f5b8042-a374-4b5c-8355-118d4f09e7e9 200 in 285ms (next.js: 4ms, application-code: 280ms)
 GET /workspace/4f5b8042-a374-4b5c-8355-118d4f09e7e9 200 in 352ms (next.js: 13ms, application-code: 339ms)
 GET /workspace/4f5b8042-a374-4b5c-8355-118d4f09e7e9 200 in 359ms (next.js: 4ms, application-code: 354ms)
 GET /workspace/4f5b8042-a374-4b5c-8355-118d4f09e7e9 200 in 360ms (next.js: 46ms, application-code: 314ms)
 GET /workspace/4f5b8042-a374-4b5c-8355-118d4f09e7e9 200 in 305ms (next.js: 28ms, application-code: 277ms)
 GET /workspace/4f5b8042-a374-4b5c-8355-118d4f09e7e9 200 in 356ms (next.js: 66ms, application-code: 289ms)
 GET /workspace/4f5b8042-a374-4b5c-8355-118d4f09e7e9 200 in 234ms (next.js: 4ms, application-code: 230ms)
 GET /workspace/4f5b8042-a374-4b5c-8355-118d4f09e7e9 200 in 193ms (next.js: 8ms, application-code: 186ms)
 GET /workspace/4f5b8042-a374-4b5c-8355-118d4f09e7e9 200 in 121ms (next.js: 4ms, application-code: 118ms)
 GET /workspace/4f5b8042-a374-4b5c-8355-118d4f09e7e9 200 in 77ms (next.js: 9ms, application-code: 68ms)
 GET /workspace/11111111-1111-4111-8111-111111111111/engine 200 in 1139ms (next.js: 1009ms, application-code: 130ms)
 GET /workspace/11111111-1111-4111-8111-111111111111/engine 200 in 138ms (next.js: 30ms, application-code: 108ms)
 GET /workspace/11111111-1111-4111-8111-111111111111/session 200 in 1288ms (next.js: 1126ms, application-code: 162ms)
 GET /workspace/11111111-1111-4111-8111-111111111111/session 200 in 222ms (next.js: 98ms, application-code: 124ms)
